error TS6059: File 'C:/Users/nfojo88/OneDrive/Documents/GitHub/wechecha/backend/prisma/seed.ts' is not under 'rootDir' 'C:/Users/nfojo88/OneDrive/Documents/GitHub/wechecha/backend/src'. 'rootDir' is expected to contain all source files.
  The file is in the program because:
    Matched by default include pattern '**/*'
